17:54:15 **** Build of configuration Debug for project Xmas ****
make -j4 all 
arm-none-eabi-gcc "../Drivers/STM32C0xx_HAL_Driver/Src/stm32c0xx_hal.c" -mcpu=cortex-m0plus -std=gnu11 -g3 -DDEBUG -DUSE_HAL_DRIVER -DSTM32C011xx -c -I../Core/Inc -I../Drivers/STM32C0xx_HAL_Driver/Inc -I../Drivers/STM32C0xx_HAL_Driver/Inc/Legacy -I../Drivers/CMSIS/Device/ST/STM32C0xx/Include -I../Drivers/CMSIS/Include -O0 -ffunction-sections -fdata-sections -Wall -fstack-usage -fcyclomatic-complexity -MMD -MP -MF"Drivers/STM32C0xx_HAL_Driver/Src/stm32c0xx_hal.d" -MT"Drivers/STM32C0xx_HAL_Driver/Src/stm32c0xx_hal.o" --specs=nano.specs -mfloat-abi=soft -mthumb -o "Drivers/STM32C0xx_HAL_Driver/Src/stm32c0xx_hal.o"
arm-none-eabi-gcc "../Drivers/STM32C0xx_HAL_Driver/Src/stm32c0xx_hal_cortex.c" -mcpu=cortex-m0plus -std=gnu11 -g3 -DDEBUG -DUSE_HAL_DRIVER -DSTM32C011xx -c -I../Core/Inc -I../Drivers/STM32C0xx_HAL_Driver/Inc -I../Drivers/STM32C0xx_HAL_Driver/Inc/Legacy -I../Drivers/CMSIS/Device/ST/STM32C0xx/Include -I../Drivers/CMSIS/Include -O0 -ffunction-sections -fdata-sections -Wall -fstack-usage -fcyclomatic-complexity -MMD -MP -MF"Drivers/STM32C0xx_HAL_Driver/Src/stm32c0xx_hal_cortex.d" -MT"Drivers/STM32C0xx_HAL_Driver/Src/stm32c0xx_hal_cortex.o" --specs=nano.specs -mfloat-abi=soft -mthumb -o "Drivers/STM32C0xx_HAL_Driver/Src/stm32c0xx_hal_cortex.o"
arm-none-eabi-gcc "../Drivers/STM32C0xx_HAL_Driver/Src/stm32c0xx_hal_dma.c" -mcpu=cortex-m0plus -std=gnu11 -g3 -DDEBUG -DUSE_HAL_DRIVER -DSTM32C011xx -c -I../Core/Inc -I../Drivers/STM32C0xx_HAL_Driver/Inc -I../Drivers/STM32C0xx_HAL_Driver/Inc/Legacy -I../Drivers/CMSIS/Device/ST/STM32C0xx/Include -I../Drivers/CMSIS/Include -O0 -ffunction-sections -fdata-sections -Wall -fstack-usage -fcyclomatic-complexity -MMD -MP -MF"Drivers/STM32C0xx_HAL_Driver/Src/stm32c0xx_hal_dma.d" -MT"Drivers/STM32C0xx_HAL_Driver/Src/stm32c0xx_hal_dma.o" --specs=nano.specs -mfloat-abi=soft -mthumb -o "Drivers/STM32C0xx_HAL_Driver/Src/stm32c0xx_hal_dma.o"
arm-none-eabi-gcc "../Drivers/STM32C0xx_HAL_Driver/Src/stm32c0xx_hal_dma_ex.c" -mcpu=cortex-m0plus -std=gnu11 -g3 -DDEBUG -DUSE_HAL_DRIVER -DSTM32C011xx -c -I../Core/Inc -I../Drivers/STM32C0xx_HAL_Driver/Inc -I../Drivers/STM32C0xx_HAL_Driver/Inc/Legacy -I../Drivers/CMSIS/Device/ST/STM32C0xx/Include -I../Drivers/CMSIS/Include -O0 -ffunction-sections -fdata-sections -Wall -fstack-usage -fcyclomatic-complexity -MMD -MP -MF"Drivers/STM32C0xx_HAL_Driver/Src/stm32c0xx_hal_dma_ex.d" -MT"Drivers/STM32C0xx_HAL_Driver/Src/stm32c0xx_hal_dma_ex.o" --specs=nano.specs -mfloat-abi=soft -mthumb -o "Drivers/STM32C0xx_HAL_Driver/Src/stm32c0xx_hal_dma_ex.o"
arm-none-eabi-gcc "../Drivers/STM32C0xx_HAL_Driver/Src/stm32c0xx_hal_exti.c" -mcpu=cortex-m0plus -std=gnu11 -g3 -DDEBUG -DUSE_HAL_DRIVER -DSTM32C011xx -c -I../Core/Inc -I../Drivers/STM32C0xx_HAL_Driver/Inc -I../Drivers/STM32C0xx_HAL_Driver/Inc/Legacy -I../Drivers/CMSIS/Device/ST/STM32C0xx/Include -I../Drivers/CMSIS/Include -O0 -ffunction-sections -fdata-sections -Wall -fstack-usage -fcyclomatic-complexity -MMD -MP -MF"Drivers/STM32C0xx_HAL_Driver/Src/stm32c0xx_hal_exti.d" -MT"Drivers/STM32C0xx_HAL_Driver/Src/stm32c0xx_hal_exti.o" --specs=nano.specs -mfloat-abi=soft -mthumb -o "Drivers/STM32C0xx_HAL_Driver/Src/stm32c0xx_hal_exti.o"
arm-none-eabi-gcc "../Drivers/STM32C0xx_HAL_Driver/Src/stm32c0xx_hal_flash.c" -mcpu=cortex-m0plus -std=gnu11 -g3 -DDEBUG -DUSE_HAL_DRIVER -DSTM32C011xx -c -I../Core/Inc -I../Drivers/STM32C0xx_HAL_Driver/Inc -I../Drivers/STM32C0xx_HAL_Driver/Inc/Legacy -I../Drivers/CMSIS/Device/ST/STM32C0xx/Include -I../Drivers/CMSIS/Include -O0 -ffunction-sections -fdata-sections -Wall -fstack-usage -fcyclomatic-complexity -MMD -MP -MF"Drivers/STM32C0xx_HAL_Driver/Src/stm32c0xx_hal_flash.d" -MT"Drivers/STM32C0xx_HAL_Driver/Src/stm32c0xx_hal_flash.o" --specs=nano.specs -mfloat-abi=soft -mthumb -o "Drivers/STM32C0xx_HAL_Driver/Src/stm32c0xx_hal_flash.o"
arm-none-eabi-gcc "../Drivers/STM32C0xx_HAL_Driver/Src/stm32c0xx_hal_flash_ex.c" -mcpu=cortex-m0plus -std=gnu11 -g3 -DDEBUG -DUSE_HAL_DRIVER -DSTM32C011xx -c -I../Core/Inc -I../Drivers/STM32C0xx_HAL_Driver/Inc -I../Drivers/STM32C0xx_HAL_Driver/Inc/Legacy -I../Drivers/CMSIS/Device/ST/STM32C0xx/Include -I../Drivers/CMSIS/Include -O0 -ffunction-sections -fdata-sections -Wall -fstack-usage -fcyclomatic-complexity -MMD -MP -MF"Drivers/STM32C0xx_HAL_Driver/Src/stm32c0xx_hal_flash_ex.d" -MT"Drivers/STM32C0xx_HAL_Driver/Src/stm32c0xx_hal_flash_ex.o" --specs=nano.specs -mfloat-abi=soft -mthumb -o "Drivers/STM32C0xx_HAL_Driver/Src/stm32c0xx_hal_flash_ex.o"
arm-none-eabi-gcc "../Drivers/STM32C0xx_HAL_Driver/Src/stm32c0xx_hal_gpio.c" -mcpu=cortex-m0plus -std=gnu11 -g3 -DDEBUG -DUSE_HAL_DRIVER -DSTM32C011xx -c -I../Core/Inc -I../Drivers/STM32C0xx_HAL_Driver/Inc -I../Drivers/STM32C0xx_HAL_Driver/Inc/Legacy -I../Drivers/CMSIS/Device/ST/STM32C0xx/Include -I../Drivers/CMSIS/Include -O0 -ffunction-sections -fdata-sections -Wall -fstack-usage -fcyclomatic-complexity -MMD -MP -MF"Drivers/STM32C0xx_HAL_Driver/Src/stm32c0xx_hal_gpio.d" -MT"Drivers/STM32C0xx_HAL_Driver/Src/stm32c0xx_hal_gpio.o" --specs=nano.specs -mfloat-abi=soft -mthumb -o "Drivers/STM32C0xx_HAL_Driver/Src/stm32c0xx_hal_gpio.o"
arm-none-eabi-gcc "../Drivers/STM32C0xx_HAL_Driver/Src/stm32c0xx_hal_pwr.c" -mcpu=cortex-m0plus -std=gnu11 -g3 -DDEBUG -DUSE_HAL_DRIVER -DSTM32C011xx -c -I../Core/Inc -I../Drivers/STM32C0xx_HAL_Driver/Inc -I../Drivers/STM32C0xx_HAL_Driver/Inc/Legacy -I../Drivers/CMSIS/Device/ST/STM32C0xx/Include -I../Drivers/CMSIS/Include -O0 -ffunction-sections -fdata-sections -Wall -fstack-usage -fcyclomatic-complexity -MMD -MP -MF"Drivers/STM32C0xx_HAL_Driver/Src/stm32c0xx_hal_pwr.d" -MT"Drivers/STM32C0xx_HAL_Driver/Src/stm32c0xx_hal_pwr.o" --specs=nano.specs -mfloat-abi=soft -mthumb -o "Drivers/STM32C0xx_HAL_Driver/Src/stm32c0xx_hal_pwr.o"
arm-none-eabi-gcc "../Drivers/STM32C0xx_HAL_Driver/Src/stm32c0xx_hal_pwr_ex.c" -mcpu=cortex-m0plus -std=gnu11 -g3 -DDEBUG -DUSE_HAL_DRIVER -DSTM32C011xx -c -I../Core/Inc -I../Drivers/STM32C0xx_HAL_Driver/Inc -I../Drivers/STM32C0xx_HAL_Driver/Inc/Legacy -I../Drivers/CMSIS/Device/ST/STM32C0xx/Include -I../Drivers/CMSIS/Include -O0 -ffunction-sections -fdata-sections -Wall -fstack-usage -fcyclomatic-complexity -MMD -MP -MF"Drivers/STM32C0xx_HAL_Driver/Src/stm32c0xx_hal_pwr_ex.d" -MT"Drivers/STM32C0xx_HAL_Driver/Src/stm32c0xx_hal_pwr_ex.o" --specs=nano.specs -mfloat-abi=soft -mthumb -o "Drivers/STM32C0xx_HAL_Driver/Src/stm32c0xx_hal_pwr_ex.o"
arm-none-eabi-gcc "../Drivers/STM32C0xx_HAL_Driver/Src/stm32c0xx_hal_rcc.c" -mcpu=cortex-m0plus -std=gnu11 -g3 -DDEBUG -DUSE_HAL_DRIVER -DSTM32C011xx -c -I../Core/Inc -I../Drivers/STM32C0xx_HAL_Driver/Inc -I../Drivers/STM32C0xx_HAL_Driver/Inc/Legacy -I../Drivers/CMSIS/Device/ST/STM32C0xx/Include -I../Drivers/CMSIS/Include -O0 -ffunction-sections -fdata-sections -Wall -fstack-usage -fcyclomatic-complexity -MMD -MP -MF"Drivers/STM32C0xx_HAL_Driver/Src/stm32c0xx_hal_rcc.d" -MT"Drivers/STM32C0xx_HAL_Driver/Src/stm32c0xx_hal_rcc.o" --specs=nano.specs -mfloat-abi=soft -mthumb -o "Drivers/STM32C0xx_HAL_Driver/Src/stm32c0xx_hal_rcc.o"
arm-none-eabi-gcc "../Drivers/STM32C0xx_HAL_Driver/Src/stm32c0xx_hal_rcc_ex.c" -mcpu=cortex-m0plus -std=gnu11 -g3 -DDEBUG -DUSE_HAL_DRIVER -DSTM32C011xx -c -I../Core/Inc -I../Drivers/STM32C0xx_HAL_Driver/Inc -I../Drivers/STM32C0xx_HAL_Driver/Inc/Legacy -I../Drivers/CMSIS/Device/ST/STM32C0xx/Include -I../Drivers/CMSIS/Include -O0 -ffunction-sections -fdata-sections -Wall -fstack-usage -fcyclomatic-complexity -MMD -MP -MF"Drivers/STM32C0xx_HAL_Driver/Src/stm32c0xx_hal_rcc_ex.d" -MT"Drivers/STM32C0xx_HAL_Driver/Src/stm32c0xx_hal_rcc_ex.o" --specs=nano.specs -mfloat-abi=soft -mthumb -o "Drivers/STM32C0xx_HAL_Driver/Src/stm32c0xx_hal_rcc_ex.o"
arm-none-eabi-gcc "../Drivers/STM32C0xx_HAL_Driver/Src/stm32c0xx_hal_tim.c" -mcpu=cortex-m0plus -std=gnu11 -g3 -DDEBUG -DUSE_HAL_DRIVER -DSTM32C011xx -c -I../Core/Inc -I../Drivers/STM32C0xx_HAL_Driver/Inc -I../Drivers/STM32C0xx_HAL_Driver/Inc/Legacy -I../Drivers/CMSIS/Device/ST/STM32C0xx/Include -I../Drivers/CMSIS/Include -O0 -ffunction-sections -fdata-sections -Wall -fstack-usage -fcyclomatic-complexity -MMD -MP -MF"Drivers/STM32C0xx_HAL_Driver/Src/stm32c0xx_hal_tim.d" -MT"Drivers/STM32C0xx_HAL_Driver/Src/stm32c0xx_hal_tim.o" --specs=nano.specs -mfloat-abi=soft -mthumb -o "Drivers/STM32C0xx_HAL_Driver/Src/stm32c0xx_hal_tim.o"
arm-none-eabi-gcc "../Drivers/STM32C0xx_HAL_Driver/Src/stm32c0xx_hal_tim_ex.c" -mcpu=cortex-m0plus -std=gnu11 -g3 -DDEBUG -DUSE_HAL_DRIVER -DSTM32C011xx -c -I../Core/Inc -I../Drivers/STM32C0xx_HAL_Driver/Inc -I../Drivers/STM32C0xx_HAL_Driver/Inc/Legacy -I../Drivers/CMSIS/Device/ST/STM32C0xx/Include -I../Drivers/CMSIS/Include -O0 -ffunction-sections -fdata-sections -Wall -fstack-usage -fcyclomatic-complexity -MMD -MP -MF"Drivers/STM32C0xx_HAL_Driver/Src/stm32c0xx_hal_tim_ex.d" -MT"Drivers/STM32C0xx_HAL_Driver/Src/stm32c0xx_hal_tim_ex.o" --specs=nano.specs -mfloat-abi=soft -mthumb -o "Drivers/STM32C0xx_HAL_Driver/Src/stm32c0xx_hal_tim_ex.o"
arm-none-eabi-gcc -mcpu=cortex-m0plus -g3 -DDEBUG -c -x assembler-with-cpp -MMD -MP -MF"Core/Startup/startup_stm32c011f6px.d" -MT"Core/Startup/startup_stm32c011f6px.o" --specs=nano.specs -mfloat-abi=soft -mthumb -o "Core/Startup/startup_stm32c011f6px.o" "../Core/Startup/startup_stm32c011f6px.s"
arm-none-eabi-gcc "../Core/Src/main.c" -mcpu=cortex-m0plus -std=gnu11 -g3 -DDEBUG -DUSE_HAL_DRIVER -DSTM32C011xx -c -I../Core/Inc -I../Drivers/STM32C0xx_HAL_Driver/Inc -I../Drivers/STM32C0xx_HAL_Driver/Inc/Legacy -I../Drivers/CMSIS/Device/ST/STM32C0xx/Include -I../Drivers/CMSIS/Include -O0 -ffunction-sections -fdata-sections -Wall -fstack-usage -fcyclomatic-complexity -MMD -MP -MF"Core/Src/main.d" -MT"Core/Src/main.o" --specs=nano.specs -mfloat-abi=soft -mthumb -o "Core/Src/main.o"
arm-none-eabi-gcc "../Core/Src/stm32c0xx_hal_msp.c" -mcpu=cortex-m0plus -std=gnu11 -g3 -DDEBUG -DUSE_HAL_DRIVER -DSTM32C011xx -c -I../Core/Inc -I../Drivers/STM32C0xx_HAL_Driver/Inc -I../Drivers/STM32C0xx_HAL_Driver/Inc/Legacy -I../Drivers/CMSIS/Device/ST/STM32C0xx/Include -I../Drivers/CMSIS/Include -O0 -ffunction-sections -fdata-sections -Wall -fstack-usage -fcyclomatic-complexity -MMD -MP -MF"Core/Src/stm32c0xx_hal_msp.d" -MT"Core/Src/stm32c0xx_hal_msp.o" --specs=nano.specs -mfloat-abi=soft -mthumb -o "Core/Src/stm32c0xx_hal_msp.o"
arm-none-eabi-gcc "../Core/Src/stm32c0xx_it.c" -mcpu=cortex-m0plus -std=gnu11 -g3 -DDEBUG -DUSE_HAL_DRIVER -DSTM32C011xx -c -I../Core/Inc -I../Drivers/STM32C0xx_HAL_Driver/Inc -I../Drivers/STM32C0xx_HAL_Driver/Inc/Legacy -I../Drivers/CMSIS/Device/ST/STM32C0xx/Include -I../Drivers/CMSIS/Include -O0 -ffunction-sections -fdata-sections -Wall -fstack-usage -fcyclomatic-complexity -MMD -MP -MF"Core/Src/stm32c0xx_it.d" -MT"Core/Src/stm32c0xx_it.o" --specs=nano.specs -mfloat-abi=soft -mthumb -o "Core/Src/stm32c0xx_it.o"
arm-none-eabi-gcc "../Core/Src/syscalls.c" -mcpu=cortex-m0plus -std=gnu11 -g3 -DDEBUG -DUSE_HAL_DRIVER -DSTM32C011xx -c -I../Core/Inc -I../Drivers/STM32C0xx_HAL_Driver/Inc -I../Drivers/STM32C0xx_HAL_Driver/Inc/Legacy -I../Drivers/CMSIS/Device/ST/STM32C0xx/Include -I../Drivers/CMSIS/Include -O0 -ffunction-sections -fdata-sections -Wall -fstack-usage -fcyclomatic-complexity -MMD -MP -MF"Core/Src/syscalls.d" -MT"Core/Src/syscalls.o" --specs=nano.specs -mfloat-abi=soft -mthumb -o "Core/Src/syscalls.o"
arm-none-eabi-gcc "../Core/Src/sysmem.c" -mcpu=cortex-m0plus -std=gnu11 -g3 -DDEBUG -DUSE_HAL_DRIVER -DSTM32C011xx -c -I../Core/Inc -I../Drivers/STM32C0xx_HAL_Driver/Inc -I../Drivers/STM32C0xx_HAL_Driver/Inc/Legacy -I../Drivers/CMSIS/Device/ST/STM32C0xx/Include -I../Drivers/CMSIS/Include -O0 -ffunction-sections -fdata-sections -Wall -fstack-usage -fcyclomatic-complexity -MMD -MP -MF"Core/Src/sysmem.d" -MT"Core/Src/sysmem.o" --specs=nano.specs -mfloat-abi=soft -mthumb -o "Core/Src/sysmem.o"
arm-none-eabi-gcc "../Core/Src/system_stm32c0xx.c" -mcpu=cortex-m0plus -std=gnu11 -g3 -DDEBUG -DUSE_HAL_DRIVER -DSTM32C011xx -c -I../Core/Inc -I../Drivers/STM32C0xx_HAL_Driver/Inc -I../Drivers/STM32C0xx_HAL_Driver/Inc/Legacy -I../Drivers/CMSIS/Device/ST/STM32C0xx/Include -I../Drivers/CMSIS/Include -O0 -ffunction-sections -fdata-sections -Wall -fstack-usage -fcyclomatic-complexity -MMD -MP -MF"Core/Src/system_stm32c0xx.d" -MT"Core/Src/system_stm32c0xx.o" --specs=nano.specs -mfloat-abi=soft -mthumb -o "Core/Src/system_stm32c0xx.o"
arm-none-eabi-gcc -o "Xmas.elf" @"objects.list"   -mcpu=cortex-m0plus -T"C:\Users\Marina\STM32CubeIDE\workspace_1.8.0\Xmas\Xmas\STM32C011F6PX_FLASH.ld" --specs=nosys.specs -Wl,-Map="Xmas.map" -Wl,--gc-sections -static --specs=nano.specs -mfloat-abi=soft -mthumb -Wl,--start-group -lc -lm -Wl,--end-group
Finished building target: Xmas.elf
 
arm-none-eabi-size  Xmas.elf 
arm-none-eabi-objdump -h -S Xmas.elf  > "Xmas.list"
   text	   data	    bss	    dec	    hex	filename
   8512	     12	   1644	  10168	   27b8	Xmas.elf
Finished building: default.size.stdout
 
Finished building: Xmas.list
 
12:34:36 **** Build of configuration Debug for project Xmas ****
make -j4 all 
arm-none-eabi-size  Xmas.elf 
   text	   data	    bss	    dec	    hex	filename
   8512	     12	   1644	  10168	   27b8	Xmas.elf
Finished building: default.size.stdout
 
14:04:15 **** Incremental Build of configuration Debug for project Xmas ****
make -j4 all 
arm-none-eabi-size  Xmas.elf 
   text	   data	    bss	    dec	    hex	filename
   8512	     12	   1644	  10168	   27b8	Xmas.elf
Finished building: default.size.stdout
 
14:04:49 **** Incremental Build of configuration Debug for project Xmas ****
make -j4 all 
arm-none-eabi-size  Xmas.elf 
   text	   data	    bss	    dec	    hex	filename
   8512	     12	   1644	  10168	   27b8	Xmas.elf
Finished building: default.size.stdout
 
15:54:00 **** Incremental Build of configuration Debug for project Xmas ****
make -j4 all 
arm-none-eabi-gcc "../Core/Src/main.c" -mcpu=cortex-m0plus -std=gnu11 -g3 -DDEBUG -DUSE_HAL_DRIVER -DSTM32C011xx -c -I../Core/Inc -I../Drivers/STM32C0xx_HAL_Driver/Inc -I../Drivers/STM32C0xx_HAL_Driver/Inc/Legacy -I../Drivers/CMSIS/Device/ST/STM32C0xx/Include -I../Drivers/CMSIS/Include -O0 -ffunction-sections -fdata-sections -Wall -fstack-usage -fcyclomatic-complexity -MMD -MP -MF"Core/Src/main.d" -MT"Core/Src/main.o" --specs=nano.specs -mfloat-abi=soft -mthumb -o "Core/Src/main.o"
../Core/Src/main.c: In function 'main':
../Core/Src/main.c:111:34: error: expected expression before ')' token
  111 |                   melody(&htim1, )
      |                                  ^
../Core/Src/main.c:111:19: error: called object 'melody' is not a function or function pointer
  111 |                   melody(&htim1, )
      |                   ^~~~~~
../Core/Src/main.c:86:25: note: declared here
   86 |   static const uint16_t melody[] = {800, 956, 758};
      |                         ^~~~~~
../Core/Src/main.c:87:25: warning: unused variable 'melody_dur' [-Wunused-variable]
   87 |   static const uint16_t melody_dur[] = {1000, 1300, 1600};
      |                         ^~~~~~~~~~
../Core/Src/main.c: In function 'melody':
../Core/Src/main.c:291:1: error: expected declaration or statement at end of input
  291 | }
      | ^
../Core/Src/main.c: At top level:
../Core/Src/main.c:282:6: warning: 'Error_Handler' defined but not used [-Wunused-function]
  282 | void Error_Handler(void)
      |      ^~~~~~~~~~~~~
make: *** [Core/Src/subdir.mk:34: Core/Src/main.o] Error 1
"make -j4 all" terminated with exit code 2. Build might be incomplete.
15:54:55 **** Incremental Build of configuration Debug for project Xmas ****
make -j4 all 
arm-none-eabi-gcc "../Core/Src/main.c" -mcpu=cortex-m0plus -std=gnu11 -g3 -DDEBUG -DUSE_HAL_DRIVER -DSTM32C011xx -c -I../Core/Inc -I../Drivers/STM32C0xx_HAL_Driver/Inc -I../Drivers/STM32C0xx_HAL_Driver/Inc/Legacy -I../Drivers/CMSIS/Device/ST/STM32C0xx/Include -I../Drivers/CMSIS/Include -O0 -ffunction-sections -fdata-sections -Wall -fstack-usage -fcyclomatic-complexity -MMD -MP -MF"Core/Src/main.d" -MT"Core/Src/main.o" --specs=nano.specs -mfloat-abi=soft -mthumb -o "Core/Src/main.o"
../Core/Src/main.c: In function 'main':
../Core/Src/main.c:111:34: warning: passing argument 2 of 'melody' makes integer from pointer without a cast [-Wint-conversion]
  111 |                   melody(&htim1, melody_tone, melody_dur);
      |                                  ^~~~~~~~~~~
      |                                  |
      |                                  const uint16_t * {aka const short unsigned int *}
../Core/Src/main.c:57:48: note: expected 'uint32_t' {aka 'long unsigned int'} but argument is of type 'const uint16_t *' {aka 'const short unsigned int *'}
   57 | void melody(TIM_HandleTypeDef *_htim, uint32_t freq, uint32_t duration_melody);
      |                                       ~~~~~~~~~^~~~
../Core/Src/main.c:111:47: warning: passing argument 3 of 'melody' makes integer from pointer without a cast [-Wint-conversion]
  111 |                   melody(&htim1, melody_tone, melody_dur);
      |                                               ^~~~~~~~~~
      |                                               |
      |                                               const uint16_t * {aka const short unsigned int *}
../Core/Src/main.c:57:63: note: expected 'uint32_t' {aka 'long unsigned int'} but argument is of type 'const uint16_t *' {aka 'const short unsigned int *'}
   57 | void melody(TIM_HandleTypeDef *_htim, uint32_t freq, uint32_t duration_melody);
      |                                                      ~~~~~~~~~^~~~~~~~~~~~~~~
../Core/Src/main.c: In function 'melody':
../Core/Src/main.c:291:1: error: expected declaration or statement at end of input
  291 | }
      | ^
../Core/Src/main.c: At top level:
../Core/Src/main.c:282:6: warning: 'Error_Handler' defined but not used [-Wunused-function]
  282 | void Error_Handler(void)
      |      ^~~~~~~~~~~~~
make: *** [Core/Src/subdir.mk:34: Core/Src/main.o] Error 1
"make -j4 all" terminated with exit code 2. Build might be incomplete.
15:55:14 **** Incremental Build of configuration Debug for project Xmas ****
make -j4 all 
arm-none-eabi-gcc "../Core/Src/main.c" -mcpu=cortex-m0plus -std=gnu11 -g3 -DDEBUG -DUSE_HAL_DRIVER -DSTM32C011xx -c -I../Core/Inc -I../Drivers/STM32C0xx_HAL_Driver/Inc -I../Drivers/STM32C0xx_HAL_Driver/Inc/Legacy -I../Drivers/CMSIS/Device/ST/STM32C0xx/Include -I../Drivers/CMSIS/Include -O0 -ffunction-sections -fdata-sections -Wall -fstack-usage -fcyclomatic-complexity -MMD -MP -MF"Core/Src/main.d" -MT"Core/Src/main.o" --specs=nano.specs -mfloat-abi=soft -mthumb -o "Core/Src/main.o"
../Core/Src/main.c: In function 'main':
../Core/Src/main.c:111:34: warning: passing argument 2 of 'melody' makes integer from pointer without a cast [-Wint-conversion]
  111 |                   melody(&htim1, melody_tone, melody_dur);
      |                                  ^~~~~~~~~~~
      |                                  |
      |                                  const uint32_t * {aka const long unsigned int *}
../Core/Src/main.c:57:48: note: expected 'uint32_t' {aka 'long unsigned int'} but argument is of type 'const uint32_t *' {aka 'const long unsigned int *'}
   57 | void melody(TIM_HandleTypeDef *_htim, uint32_t freq, uint32_t duration_melody);
      |                                       ~~~~~~~~~^~~~
../Core/Src/main.c:111:47: warning: passing argument 3 of 'melody' makes integer from pointer without a cast [-Wint-conversion]
  111 |                   melody(&htim1, melody_tone, melody_dur);
      |                                               ^~~~~~~~~~
      |                                               |
      |                                               const uint32_t * {aka const long unsigned int *}
../Core/Src/main.c:57:63: note: expected 'uint32_t' {aka 'long unsigned int'} but argument is of type 'const uint32_t *' {aka 'const long unsigned int *'}
   57 | void melody(TIM_HandleTypeDef *_htim, uint32_t freq, uint32_t duration_melody);
      |                                                      ~~~~~~~~~^~~~~~~~~~~~~~~
../Core/Src/main.c: In function 'melody':
../Core/Src/main.c:291:1: error: expected declaration or statement at end of input
  291 | }
      | ^
../Core/Src/main.c: At top level:
../Core/Src/main.c:282:6: warning: 'Error_Handler' defined but not used [-Wunused-function]
  282 | void Error_Handler(void)
      |      ^~~~~~~~~~~~~
make: *** [Core/Src/subdir.mk:34: Core/Src/main.o] Error 1
"make -j4 all" terminated with exit code 2. Build might be incomplete.
15:55:23 **** Incremental Build of configuration Debug for project Xmas ****
make -j4 all 
arm-none-eabi-gcc "../Core/Src/main.c" -mcpu=cortex-m0plus -std=gnu11 -g3 -DDEBUG -DUSE_HAL_DRIVER -DSTM32C011xx -c -I../Core/Inc -I../Drivers/STM32C0xx_HAL_Driver/Inc -I../Drivers/STM32C0xx_HAL_Driver/Inc/Legacy -I../Drivers/CMSIS/Device/ST/STM32C0xx/Include -I../Drivers/CMSIS/Include -O0 -ffunction-sections -fdata-sections -Wall -fstack-usage -fcyclomatic-complexity -MMD -MP -MF"Core/Src/main.d" -MT"Core/Src/main.o" --specs=nano.specs -mfloat-abi=soft -mthumb -o "Core/Src/main.o"
../Core/Src/main.c: In function 'main':
../Core/Src/main.c:111:34: warning: passing argument 2 of 'melody' makes integer from pointer without a cast [-Wint-conversion]
  111 |                   melody(&htim1, melody_tone, melody_dur);
      |                                  ^~~~~~~~~~~
      |                                  |
      |                                  const uint32_t * {aka const long unsigned int *}
../Core/Src/main.c:57:48: note: expected 'uint32_t' {aka 'long unsigned int'} but argument is of type 'const uint32_t *' {aka 'const long unsigned int *'}
   57 | void melody(TIM_HandleTypeDef *_htim, uint32_t freq, uint32_t duration_melody);
      |                                       ~~~~~~~~~^~~~
../Core/Src/main.c:111:47: warning: passing argument 3 of 'melody' makes integer from pointer without a cast [-Wint-conversion]
  111 |                   melody(&htim1, melody_tone, melody_dur);
      |                                               ^~~~~~~~~~
      |                                               |
      |                                               const uint32_t * {aka const long unsigned int *}
../Core/Src/main.c:57:63: note: expected 'uint32_t' {aka 'long unsigned int'} but argument is of type 'const uint32_t *' {aka 'const long unsigned int *'}
   57 | void melody(TIM_HandleTypeDef *_htim, uint32_t freq, uint32_t duration_melody);
      |                                                      ~~~~~~~~~^~~~~~~~~~~~~~~
../Core/Src/main.c: In function 'melody':
../Core/Src/main.c:291:1: error: expected declaration or statement at end of input
  291 | }
      | ^
../Core/Src/main.c: At top level:
../Core/Src/main.c:282:6: warning: 'Error_Handler' defined but not used [-Wunused-function]
  282 | void Error_Handler(void)
      |      ^~~~~~~~~~~~~
make: *** [Core/Src/subdir.mk:34: Core/Src/main.o] Error 1
"make -j4 all" terminated with exit code 2. Build might be incomplete.
15:55:48 **** Incremental Build of configuration Debug for project Xmas ****
make -j4 all 
arm-none-eabi-gcc "../Core/Src/main.c" -mcpu=cortex-m0plus -std=gnu11 -g3 -DDEBUG -DUSE_HAL_DRIVER -DSTM32C011xx -c -I../Core/Inc -I../Drivers/STM32C0xx_HAL_Driver/Inc -I../Drivers/STM32C0xx_HAL_Driver/Inc/Legacy -I../Drivers/CMSIS/Device/ST/STM32C0xx/Include -I../Drivers/CMSIS/Include -O0 -ffunction-sections -fdata-sections -Wall -fstack-usage -fcyclomatic-complexity -MMD -MP -MF"Core/Src/main.d" -MT"Core/Src/main.o" --specs=nano.specs -mfloat-abi=soft -mthumb -o "Core/Src/main.o"
../Core/Src/main.c: In function 'main':
../Core/Src/main.c:111:34: warning: passing argument 2 of 'melody' makes integer from pointer without a cast [-Wint-conversion]
  111 |                   melody(&htim1, melody_tone, melody_dur);
      |                                  ^~~~~~~~~~~
      |                                  |
      |                                  const uint32_t * {aka const long unsigned int *}
../Core/Src/main.c:57:48: note: expected 'uint32_t' {aka 'long unsigned int'} but argument is of type 'const uint32_t *' {aka 'const long unsigned int *'}
   57 | void melody(TIM_HandleTypeDef *_htim, uint32_t freq, uint32_t duration_melody);
      |                                       ~~~~~~~~~^~~~
../Core/Src/main.c:111:47: warning: passing argument 3 of 'melody' makes integer from pointer without a cast [-Wint-conversion]
  111 |                   melody(&htim1, melody_tone, melody_dur);
      |                                               ^~~~~~~~~~
      |                                               |
      |                                               const uint32_t * {aka const long unsigned int *}
../Core/Src/main.c:57:63: note: expected 'uint32_t' {aka 'long unsigned int'} but argument is of type 'const uint32_t *' {aka 'const long unsigned int *'}
   57 | void melody(TIM_HandleTypeDef *_htim, uint32_t freq, uint32_t duration_melody);
      |                                                      ~~~~~~~~~^~~~~~~~~~~~~~~
arm-none-eabi-gcc -o "Xmas.elf" @"objects.list"   -mcpu=cortex-m0plus -T"C:\Users\Marina\STM32CubeIDE\workspace_1.8.0\Xmas\Xmas\STM32C011F6PX_FLASH.ld" --specs=nosys.specs -Wl,-Map="Xmas.map" -Wl,--gc-sections -static --specs=nano.specs -mfloat-abi=soft -mthumb -Wl,--start-group -lc -lm -Wl,--end-group
Finished building target: Xmas.elf
 
arm-none-eabi-size  Xmas.elf 
arm-none-eabi-objdump -h -S Xmas.elf  > "Xmas.list"
   text	   data	    bss	    dec	    hex	filename
   9776	     12	   1644	  11432	   2ca8	Xmas.elf
Finished building: default.size.stdout
 
Finished building: Xmas.list
 
15:56:31 **** Incremental Build of configuration Debug for project Xmas ****
make -j4 all 
arm-none-eabi-gcc "../Core/Src/main.c" -mcpu=cortex-m0plus -std=gnu11 -g3 -DDEBUG -DUSE_HAL_DRIVER -DSTM32C011xx -c -I../Core/Inc -I../Drivers/STM32C0xx_HAL_Driver/Inc -I../Drivers/STM32C0xx_HAL_Driver/Inc/Legacy -I../Drivers/CMSIS/Device/ST/STM32C0xx/Include -I../Drivers/CMSIS/Include -O0 -ffunction-sections -fdata-sections -Wall -fstack-usage -fcyclomatic-complexity -MMD -MP -MF"Core/Src/main.d" -MT"Core/Src/main.o" --specs=nano.specs -mfloat-abi=soft -mthumb -o "Core/Src/main.o"
../Core/Src/main.c: In function 'main':
../Core/Src/main.c:111:34: warning: passing argument 2 of 'melody' makes integer from pointer without a cast [-Wint-conversion]
  111 |                   melody(&htim1, melody_tone, melody_dur);
      |                                  ^~~~~~~~~~~
      |                                  |
      |                                  uint32_t * {aka long unsigned int *}
../Core/Src/main.c:57:48: note: expected 'uint32_t' {aka 'long unsigned int'} but argument is of type 'uint32_t *' {aka 'long unsigned int *'}
   57 | void melody(TIM_HandleTypeDef *_htim, uint32_t freq, uint32_t duration_melody);
      |                                       ~~~~~~~~~^~~~
../Core/Src/main.c:111:47: warning: passing argument 3 of 'melody' makes integer from pointer without a cast [-Wint-conversion]
  111 |                   melody(&htim1, melody_tone, melody_dur);
      |                                               ^~~~~~~~~~
      |                                               |
      |                                               uint32_t * {aka long unsigned int *}
../Core/Src/main.c:57:63: note: expected 'uint32_t' {aka 'long unsigned int'} but argument is of type 'uint32_t *' {aka 'long unsigned int *'}
   57 | void melody(TIM_HandleTypeDef *_htim, uint32_t freq, uint32_t duration_melody);
      |                                                      ~~~~~~~~~^~~~~~~~~~~~~~~
arm-none-eabi-gcc -o "Xmas.elf" @"objects.list"   -mcpu=cortex-m0plus -T"C:\Users\Marina\STM32CubeIDE\workspace_1.8.0\Xmas\Xmas\STM32C011F6PX_FLASH.ld" --specs=nosys.specs -Wl,-Map="Xmas.map" -Wl,--gc-sections -static --specs=nano.specs -mfloat-abi=soft -mthumb -Wl,--start-group -lc -lm -Wl,--end-group
Finished building target: Xmas.elf
 
arm-none-eabi-size  Xmas.elf 
arm-none-eabi-objdump -h -S Xmas.elf  > "Xmas.list"
   text	   data	    bss	    dec	    hex	filename
   9796	     12	   1644	  11452	   2cbc	Xmas.elf
Finished building: default.size.stdout
 
Finished building: Xmas.list
 
15:56:55 **** Incremental Build of configuration Debug for project Xmas ****
make -j4 all 
arm-none-eabi-gcc "../Core/Src/main.c" -mcpu=cortex-m0plus -std=gnu11 -g3 -DDEBUG -DUSE_HAL_DRIVER -DSTM32C011xx -c -I../Core/Inc -I../Drivers/STM32C0xx_HAL_Driver/Inc -I../Drivers/STM32C0xx_HAL_Driver/Inc/Legacy -I../Drivers/CMSIS/Device/ST/STM32C0xx/Include -I../Drivers/CMSIS/Include -O0 -ffunction-sections -fdata-sections -Wall -fstack-usage -fcyclomatic-complexity -MMD -MP -MF"Core/Src/main.d" -MT"Core/Src/main.o" --specs=nano.specs -mfloat-abi=soft -mthumb -o "Core/Src/main.o"
../Core/Src/main.c: In function 'main':
../Core/Src/main.c:111:34: warning: passing argument 2 of 'melody' makes integer from pointer without a cast [-Wint-conversion]
  111 |                   melody(&htim1, melody_tone, melody_dur);
      |                                  ^~~~~~~~~~~
      |                                  |
      |                                  uint32_t * {aka long unsigned int *}
../Core/Src/main.c:57:48: note: expected 'uint32_t' {aka 'long unsigned int'} but argument is of type 'uint32_t *' {aka 'long unsigned int *'}
   57 | void melody(TIM_HandleTypeDef *_htim, uint32_t freq, uint32_t duration_melody);
      |                                       ~~~~~~~~~^~~~
../Core/Src/main.c:111:47: warning: passing argument 3 of 'melody' makes integer from pointer without a cast [-Wint-conversion]
  111 |                   melody(&htim1, melody_tone, melody_dur);
      |                                               ^~~~~~~~~~
      |                                               |
      |                                               uint32_t * {aka long unsigned int *}
../Core/Src/main.c:57:63: note: expected 'uint32_t' {aka 'long unsigned int'} but argument is of type 'uint32_t *' {aka 'long unsigned int *'}
   57 | void melody(TIM_HandleTypeDef *_htim, uint32_t freq, uint32_t duration_melody);
      |                                                      ~~~~~~~~~^~~~~~~~~~~~~~~
arm-none-eabi-gcc -o "Xmas.elf" @"objects.list"   -mcpu=cortex-m0plus -T"C:\Users\Marina\STM32CubeIDE\workspace_1.8.0\Xmas\Xmas\STM32C011F6PX_FLASH.ld" --specs=nosys.specs -Wl,-Map="Xmas.map" -Wl,--gc-sections -static --specs=nano.specs -mfloat-abi=soft -mthumb -Wl,--start-group -lc -lm -Wl,--end-group
Finished building target: Xmas.elf
 
arm-none-eabi-size  Xmas.elf 
arm-none-eabi-objdump -h -S Xmas.elf  > "Xmas.list"
   text	   data	    bss	    dec	    hex	filename
   9796	     12	   1644	  11452	   2cbc	Xmas.elf
Finished building: default.size.stdout
 
Finished building: Xmas.list
 
15:59:18 **** Incremental Build of configuration Debug for project Xmas ****
make -j4 all 
arm-none-eabi-gcc "../Core/Src/main.c" -mcpu=cortex-m0plus -std=gnu11 -g3 -DDEBUG -DUSE_HAL_DRIVER -DSTM32C011xx -c -I../Core/Inc -I../Drivers/STM32C0xx_HAL_Driver/Inc -I../Drivers/STM32C0xx_HAL_Driver/Inc/Legacy -I../Drivers/CMSIS/Device/ST/STM32C0xx/Include -I../Drivers/CMSIS/Include -O0 -ffunction-sections -fdata-sections -Wall -fstack-usage -fcyclomatic-complexity -MMD -MP -MF"Core/Src/main.d" -MT"Core/Src/main.o" --specs=nano.specs -mfloat-abi=soft -mthumb -o "Core/Src/main.o"
arm-none-eabi-gcc -o "Xmas.elf" @"objects.list"   -mcpu=cortex-m0plus -T"C:\Users\Marina\STM32CubeIDE\workspace_1.8.0\Xmas\Xmas\STM32C011F6PX_FLASH.ld" --specs=nosys.specs -Wl,-Map="Xmas.map" -Wl,--gc-sections -static --specs=nano.specs -mfloat-abi=soft -mthumb -Wl,--start-group -lc -lm -Wl,--end-group
Finished building target: Xmas.elf
 
arm-none-eabi-size  Xmas.elf 
arm-none-eabi-objdump -h -S Xmas.elf  > "Xmas.list"
   text	   data	    bss	    dec	    hex	filename
   9808	     12	   1644	  11464	   2cc8	Xmas.elf
Finished building: default.size.stdout
 
Finished building: Xmas.list
 
16:36:15 **** Incremental Build of configuration Debug for project Xmas ****
make -j4 all 
arm-none-eabi-size  Xmas.elf 
   text	   data	    bss	    dec	    hex	filename
   9808	     12	   1644	  11464	   2cc8	Xmas.elf
Finished building: default.size.stdout
 
16:36:59 **** Incremental Build of configuration Debug for project Xmas ****
make -j4 all 
arm-none-eabi-gcc "../Core/Src/main.c" -mcpu=cortex-m0plus -std=gnu11 -g3 -DDEBUG -DUSE_HAL_DRIVER -DSTM32C011xx -c -I../Core/Inc -I../Drivers/STM32C0xx_HAL_Driver/Inc -I../Drivers/STM32C0xx_HAL_Driver/Inc/Legacy -I../Drivers/CMSIS/Device/ST/STM32C0xx/Include -I../Drivers/CMSIS/Include -O0 -ffunction-sections -fdata-sections -Wall -fstack-usage -fcyclomatic-complexity -MMD -MP -MF"Core/Src/main.d" -MT"Core/Src/main.o" --specs=nano.specs -mfloat-abi=soft -mthumb -o "Core/Src/main.o"
arm-none-eabi-gcc -o "Xmas.elf" @"objects.list"   -mcpu=cortex-m0plus -T"C:\Users\Marina\STM32CubeIDE\workspace_1.8.0\Xmas\Xmas\STM32C011F6PX_FLASH.ld" --specs=nosys.specs -Wl,-Map="Xmas.map" -Wl,--gc-sections -static --specs=nano.specs -mfloat-abi=soft -mthumb -Wl,--start-group -lc -lm -Wl,--end-group
Finished building target: Xmas.elf
 
arm-none-eabi-size  Xmas.elf 
arm-none-eabi-objdump -h -S Xmas.elf  > "Xmas.list"
   text	   data	    bss	    dec	    hex	filename
   9808	     12	   1644	  11464	   2cc8	Xmas.elf
Finished building: default.size.stdout
 
Finished building: Xmas.list
 
17:29:01 **** Incremental Build of configuration Debug for project Xmas ****
make -j4 all 
arm-none-eabi-gcc "../Core/Src/main.c" -mcpu=cortex-m0plus -std=gnu11 -g3 -DDEBUG -DUSE_HAL_DRIVER -DSTM32C011xx -c -I../Core/Inc -I../Drivers/STM32C0xx_HAL_Driver/Inc -I../Drivers/STM32C0xx_HAL_Driver/Inc/Legacy -I../Drivers/CMSIS/Device/ST/STM32C0xx/Include -I../Drivers/CMSIS/Include -O0 -ffunction-sections -fdata-sections -Wall -fstack-usage -fcyclomatic-complexity -MMD -MP -MF"Core/Src/main.d" -MT"Core/Src/main.o" --specs=nano.specs -mfloat-abi=soft -mthumb -o "Core/Src/main.o"
arm-none-eabi-gcc -o "Xmas.elf" @"objects.list"   -mcpu=cortex-m0plus -T"C:\Users\Marina\STM32CubeIDE\workspace_1.8.0\Xmas\Xmas\STM32C011F6PX_FLASH.ld" --specs=nosys.specs -Wl,-Map="Xmas.map" -Wl,--gc-sections -static --specs=nano.specs -mfloat-abi=soft -mthumb -Wl,--start-group -lc -lm -Wl,--end-group
Finished building target: Xmas.elf
 
arm-none-eabi-size  Xmas.elf 
arm-none-eabi-objdump -h -S Xmas.elf  > "Xmas.list"
   text	   data	    bss	    dec	    hex	filename
   9812	     12	   1644	  11468	   2ccc	Xmas.elf
Finished building: default.size.stdout
 
Finished building: Xmas.list
 
17:32:01 **** Incremental Build of configuration Debug for project Xmas ****
make -j4 all 
arm-none-eabi-gcc "../Core/Src/main.c" -mcpu=cortex-m0plus -std=gnu11 -g3 -DDEBUG -DUSE_HAL_DRIVER -DSTM32C011xx -c -I../Core/Inc -I../Drivers/STM32C0xx_HAL_Driver/Inc -I../Drivers/STM32C0xx_HAL_Driver/Inc/Legacy -I../Drivers/CMSIS/Device/ST/STM32C0xx/Include -I../Drivers/CMSIS/Include -O0 -ffunction-sections -fdata-sections -Wall -fstack-usage -fcyclomatic-complexity -MMD -MP -MF"Core/Src/main.d" -MT"Core/Src/main.o" --specs=nano.specs -mfloat-abi=soft -mthumb -o "Core/Src/main.o"
arm-none-eabi-gcc -o "Xmas.elf" @"objects.list"   -mcpu=cortex-m0plus -T"C:\Users\Marina\STM32CubeIDE\workspace_1.8.0\Xmas\Xmas\STM32C011F6PX_FLASH.ld" --specs=nosys.specs -Wl,-Map="Xmas.map" -Wl,--gc-sections -static --specs=nano.specs -mfloat-abi=soft -mthumb -Wl,--start-group -lc -lm -Wl,--end-group
Finished building target: Xmas.elf
 
arm-none-eabi-size  Xmas.elf 
arm-none-eabi-objdump -h -S Xmas.elf  > "Xmas.list"
   text	   data	    bss	    dec	    hex	filename
   9864	     12	   1644	  11520	   2d00	Xmas.elf
Finished building: default.size.stdout
 
Finished building: Xmas.list
 
