17:32:01 **** Incremental Build of configuration Debug for project Xmas ****
make -j4 all 
arm-none-eabi-gcc "../Core/Src/main.c" -mcpu=cortex-m0plus -std=gnu11 -g3 -DDEBUG -DUSE_HAL_DRIVER -DSTM32C011xx -c -I../Core/Inc -I../Drivers/STM32C0xx_HAL_Driver/Inc -I../Drivers/STM32C0xx_HAL_Driver/Inc/Legacy -I../Drivers/CMSIS/Device/ST/STM32C0xx/Include -I../Drivers/CMSIS/Include -O0 -ffunction-sections -fdata-sections -Wall -fstack-usage -fcyclomatic-complexity -MMD -MP -MF"Core/Src/main.d" -MT"Core/Src/main.o" --specs=nano.specs -mfloat-abi=soft -mthumb -o "Core/Src/main.o"
arm-none-eabi-gcc -o "Xmas.elf" @"objects.list"   -mcpu=cortex-m0plus -T"C:\Users\Marina\STM32CubeIDE\workspace_1.8.0\Xmas\Xmas\STM32C011F6PX_FLASH.ld" --specs=nosys.specs -Wl,-Map="Xmas.map" -Wl,--gc-sections -static --specs=nano.specs -mfloat-abi=soft -mthumb -Wl,--start-group -lc -lm -Wl,--end-group
Finished building target: Xmas.elf
 
arm-none-eabi-size  Xmas.elf 
arm-none-eabi-objdump -h -S Xmas.elf  > "Xmas.list"
   text	   data	    bss	    dec	    hex	filename
   9864	     12	   1644	  11520	   2d00	Xmas.elf
Finished building: default.size.stdout
 
Finished building: Xmas.list
 

17:32:07 Build Finished. 0 errors, 0 warnings. (took 5s.524ms)

